com/bms/backend/service/LeaseService.class
com/bms/backend/dto/request/LoginRequest.class
com/bms/backend/repository/ServiceCategoryRepository.class
com/bms/backend/dto/response/ManagerApprovalDto$ManagerApprovalDtoBuilder.class
com/bms/backend/dto/response/TenantPropertyDto.class
com/bms/backend/config/FlexibleDateDeserializer.class
com/bms/backend/dto/request/PropertyDetailsRequest.class
com/bms/backend/service/AdminService.class
com/bms/backend/dto/response/TenantDetailsDto$TenantPropertyInfo.class
com/bms/backend/dto/response/MaintenanceProgressResponse.class
com/bms/backend/repository/TenantProfileRepository.class
com/bms/backend/config/JacksonConfig.class
com/bms/backend/dto/request/UpdateContactInfoRequest.class
com/bms/backend/controller/TenantController.class
com/bms/backend/dto/response/TenantConnectionDto.class
com/bms/backend/dto/response/MaintenanceDetailsResponse.class
com/bms/backend/enums/AccountStatus.class
com/bms/backend/dto/request/SignupRequest$SignupRequestBuilder.class
com/bms/backend/repository/PropertyImageRepository.class
com/bms/backend/repository/MaintenanceUpdateRepository.class
com/bms/backend/service/OtpService.class
com/bms/backend/dto/request/PropertyBuildingRequest.class
com/bms/backend/dto/response/FileUploadResponse.class
com/bms/backend/repository/PropertyBuildingRepository.class
com/bms/backend/dto/request/TenantRegistrationRequest.class
com/bms/backend/enums/DeviceType.class
com/bms/backend/controller/TenantDashboardController.class
com/bms/backend/dto/request/ManagerApprovalRequest.class
com/bms/backend/controller/MaintenanceController.class
com/bms/backend/service/PropertyService.class
com/bms/backend/dto/request/PropertyDetailsRequest$PropertyDetailsRequestBuilder.class
com/bms/backend/security/JwtAuthenticationEntryPoint.class
com/bms/backend/entity/PropertyImage.class
com/bms/backend/BmsBackendApplication.class
com/bms/backend/repository/MaintenanceRequestPhotoRepository.class
com/bms/backend/repository/TenantPropertyConnectionRepository.class
com/bms/backend/service/S3Service$FileType.class
com/bms/backend/dto/request/ManagerApprovalRequest$ManagerApprovalRequestBuilder.class
com/bms/backend/repository/MaintenanceRequestRepository.class
com/bms/backend/dto/request/ConnectTenantRequest.class
com/bms/backend/entity/OtpVerification.class
com/bms/backend/entity/TenantProfile.class
com/bms/backend/repository/PropertyRepository.class
com/bms/backend/service/TenantService.class
com/bms/backend/repository/RefreshTokenRepository.class
com/bms/backend/config/S3Config.class
com/bms/backend/dto/request/FileUploadRequest.class
com/bms/backend/dto/response/ApiResponse.class
com/bms/backend/controller/AuthController.class
com/bms/backend/entity/TenantPropertyConnection.class
com/bms/backend/dto/response/BulkMaintenanceRequestResponse.class
com/bms/backend/dto/response/LeaseDetailsDto$PropertyImageDto.class
com/bms/backend/dto/request/ApartmentRequest.class
com/bms/backend/dto/request/BulkMaintenanceRequestCreateRequest.class
com/bms/backend/controller/AuthController$1.class
com/bms/backend/repository/ManagerProfileRepository.class
com/bms/backend/entity/MaintenanceRequest.class
com/bms/backend/entity/MaintenanceUpdate.class
com/bms/backend/controller/PropertyController.class
com/bms/backend/dto/response/AuthResponse$AuthResponseBuilder.class
com/bms/backend/config/WebConfig.class
com/bms/backend/entity/ServiceCategory.class
com/bms/backend/dto/response/MaintenanceRequestResponse.class
com/bms/backend/controller/DebugController.class
com/bms/backend/dto/response/LeaseDetailsDto.class
com/bms/backend/dto/request/TenantRegistrationRequest$TenantRegistrationRequestBuilder.class
com/bms/backend/entity/MaintenanceUpdate$UpdateType.class
com/bms/backend/repository/OtpVerificationRepository.class
com/bms/backend/entity/Property.class
com/bms/backend/config/SwaggerConfig.class
com/bms/backend/service/ServiceCategoryService.class
com/bms/backend/entity/ManagerProfile.class
com/bms/backend/controller/HealthController.class
com/bms/backend/dto/response/ApiResponse$ApiResponseBuilder.class
com/bms/backend/config/DataLoader.class
com/bms/backend/dto/request/RefreshTokenRequest.class
com/bms/backend/service/SmsService.class
com/bms/backend/dto/response/LeaseListingDto.class
com/bms/backend/enums/OtpType.class
com/bms/backend/controller/TenantAuthController.class
com/bms/backend/entity/Apartment.class
com/bms/backend/dto/response/AuthResponse.class
com/bms/backend/entity/MaintenanceRequest$Priority.class
com/bms/backend/service/PropertyBuildingService.class
com/bms/backend/dto/request/MaintenanceStatusUpdateRequest.class
com/bms/backend/entity/User.class
com/bms/backend/dto/request/OtpVerificationRequest.class
com/bms/backend/controller/PropertyBuildingController.class
com/bms/backend/dto/request/MaintenanceRequestUpdateRequest.class
com/bms/backend/dto/request/MaintenanceRequestCreateRequest.class
com/bms/backend/entity/ApartmentDocument.class
com/bms/backend/dto/response/UserDto$UserDtoBuilder.class
com/bms/backend/dto/request/LeaseUpdateRequest.class
com/bms/backend/service/UserService.class
com/bms/backend/service/ApartmentService.class
com/bms/backend/dto/response/UserDto.class
com/bms/backend/repository/ApartmentRepository.class
com/bms/backend/dto/request/MaintenanceUpdateRequest.class
com/bms/backend/service/MaintenanceRequestService.class
com/bms/backend/entity/MaintenanceRequest$Status.class
com/bms/backend/dto/request/LoginRequest$LoginRequestBuilder.class
com/bms/backend/entity/RefreshToken.class
com/bms/backend/service/S3Service.class
com/bms/backend/controller/ManagerAuthController.class
com/bms/backend/service/EmailService.class
com/bms/backend/security/JwtAuthenticationFilter.class
com/bms/backend/config/MultipartConfig.class
com/bms/backend/entity/MaintenanceRequestPhoto.class
com/bms/backend/controller/LeaseController.class
com/bms/backend/controller/AdminController.class
com/bms/backend/dto/request/SignupRequest.class
com/bms/backend/controller/ApartmentController.class
com/bms/backend/entity/PropertyBuilding.class
com/bms/backend/service/JwtService.class
com/bms/backend/dto/response/ManagerApprovalDto.class
com/bms/backend/repository/UserRepository.class
com/bms/backend/dto/request/ManagerRegistrationRequest$ManagerRegistrationRequestBuilder.class
com/bms/backend/dto/request/ConnectTenantRequest$ConnectTenantRequestBuilder.class
com/bms/backend/enums/UserRole.class
com/bms/backend/service/OtpService$1.class
com/bms/backend/repository/ApartmentDocumentRepository.class
com/bms/backend/dto/response/TenantDetailsDto.class
com/bms/backend/dto/response/MaintenancePhotoResponse.class
com/bms/backend/config/SecurityConfig.class
com/bms/backend/controller/FileController.class
com/bms/backend/dto/request/ManagerRegistrationRequest.class
