/Users/anoshorpaul/Desktop/BMS App/BMS Backend/services/core-service/src/main/java/com/bms/backend/config/JacksonConfig.java
/Users/anoshorpaul/Desktop/BMS App/BMS Backend/services/core-service/src/main/java/com/bms/backend/service/PropertyService.java
/Users/anoshorpaul/Desktop/BMS App/BMS Backend/services/core-service/src/main/java/com/bms/backend/config/S3Config.java
/Users/anoshorpaul/Desktop/BMS App/BMS Backend/services/core-service/src/main/java/com/bms/backend/service/S3Service.java
/Users/anoshorpaul/Desktop/BMS App/BMS Backend/services/core-service/src/main/java/com/bms/backend/dto/response/BulkMaintenanceRequestResponse.java
/Users/anoshorpaul/Desktop/BMS App/BMS Backend/services/core-service/src/main/java/com/bms/backend/service/ServiceCategoryService.java
/Users/anoshorpaul/Desktop/BMS App/BMS Backend/services/core-service/src/main/java/com/bms/backend/dto/response/TenantDetailsDto.java
/Users/anoshorpaul/Desktop/BMS App/BMS Backend/services/core-service/src/main/java/com/bms/backend/service/MaintenanceRequestService.java
/Users/anoshorpaul/Desktop/BMS App/BMS Backend/services/core-service/src/main/java/com/bms/backend/entity/MaintenanceRequestPhoto.java
/Users/anoshorpaul/Desktop/BMS App/BMS Backend/services/core-service/src/main/java/com/bms/backend/repository/TenantPropertyConnectionRepository.java
/Users/anoshorpaul/Desktop/BMS App/BMS Backend/services/core-service/src/main/java/com/bms/backend/entity/PropertyBuilding.java
/Users/anoshorpaul/Desktop/BMS App/BMS Backend/services/core-service/src/main/java/com/bms/backend/dto/response/AuthResponse.java
/Users/anoshorpaul/Desktop/BMS App/BMS Backend/services/core-service/src/main/java/com/bms/backend/repository/TenantProfileRepository.java
/Users/anoshorpaul/Desktop/BMS App/BMS Backend/services/core-service/src/main/java/com/bms/backend/dto/response/MaintenanceProgressResponse.java
/Users/anoshorpaul/Desktop/BMS App/BMS Backend/services/core-service/src/main/java/com/bms/backend/dto/response/MaintenancePhotoResponse.java
/Users/anoshorpaul/Desktop/BMS App/BMS Backend/services/core-service/src/main/java/com/bms/backend/service/TenantService.java
/Users/anoshorpaul/Desktop/BMS App/BMS Backend/services/core-service/src/main/java/com/bms/backend/repository/UserRepository.java
/Users/anoshorpaul/Desktop/BMS App/BMS Backend/services/core-service/src/main/java/com/bms/backend/entity/ManagerProfile.java
/Users/anoshorpaul/Desktop/BMS App/BMS Backend/services/core-service/src/main/java/com/bms/backend/service/LeaseService.java
/Users/anoshorpaul/Desktop/BMS App/BMS Backend/services/core-service/src/main/java/com/bms/backend/dto/request/ConnectTenantRequest.java
/Users/anoshorpaul/Desktop/BMS App/BMS Backend/services/core-service/src/main/java/com/bms/backend/entity/ApartmentDocument.java
/Users/anoshorpaul/Desktop/BMS App/BMS Backend/services/core-service/src/main/java/com/bms/backend/dto/response/UserDto.java
/Users/anoshorpaul/Desktop/BMS App/BMS Backend/services/core-service/src/main/java/com/bms/backend/dto/request/BulkMaintenanceRequestCreateRequest.java
/Users/anoshorpaul/Desktop/BMS App/BMS Backend/services/core-service/src/main/java/com/bms/backend/repository/PropertyRepository.java
/Users/anoshorpaul/Desktop/BMS App/BMS Backend/services/core-service/src/main/java/com/bms/backend/entity/TenantPropertyConnection.java
/Users/anoshorpaul/Desktop/BMS App/BMS Backend/services/core-service/src/main/java/com/bms/backend/config/SwaggerConfig.java
/Users/anoshorpaul/Desktop/BMS App/BMS Backend/services/core-service/src/main/java/com/bms/backend/config/SecurityConfig.java
/Users/anoshorpaul/Desktop/BMS App/BMS Backend/services/core-service/src/main/java/com/bms/backend/dto/request/LoginRequest.java
/Users/anoshorpaul/Desktop/BMS App/BMS Backend/services/core-service/src/main/java/com/bms/backend/repository/ServiceCategoryRepository.java
/Users/anoshorpaul/Desktop/BMS App/BMS Backend/services/core-service/src/main/java/com/bms/backend/entity/User.java
/Users/anoshorpaul/Desktop/BMS App/BMS Backend/services/core-service/src/main/java/com/bms/backend/dto/request/MaintenanceUpdateRequest.java
/Users/anoshorpaul/Desktop/BMS App/BMS Backend/services/core-service/src/main/java/com/bms/backend/controller/PropertyBuildingController.java
/Users/anoshorpaul/Desktop/BMS App/BMS Backend/services/core-service/src/main/java/com/bms/backend/entity/Property.java
/Users/anoshorpaul/Desktop/BMS App/BMS Backend/services/core-service/src/main/java/com/bms/backend/entity/ServiceCategory.java
/Users/anoshorpaul/Desktop/BMS App/BMS Backend/services/core-service/src/main/java/com/bms/backend/enums/OtpType.java
/Users/anoshorpaul/Desktop/BMS App/BMS Backend/services/core-service/src/main/java/com/bms/backend/dto/request/ManagerRegistrationRequest.java
/Users/anoshorpaul/Desktop/BMS App/BMS Backend/services/core-service/src/main/java/com/bms/backend/enums/UserRole.java
/Users/anoshorpaul/Desktop/BMS App/BMS Backend/services/core-service/src/main/java/com/bms/backend/BmsBackendApplication.java
/Users/anoshorpaul/Desktop/BMS App/BMS Backend/services/core-service/src/main/java/com/bms/backend/entity/MaintenanceUpdate.java
/Users/anoshorpaul/Desktop/BMS App/BMS Backend/services/core-service/src/main/java/com/bms/backend/controller/DebugController.java
/Users/anoshorpaul/Desktop/BMS App/BMS Backend/services/core-service/src/main/java/com/bms/backend/dto/response/TenantPropertyDto.java
/Users/anoshorpaul/Desktop/BMS App/BMS Backend/services/core-service/src/main/java/com/bms/backend/controller/TenantController.java
/Users/anoshorpaul/Desktop/BMS App/BMS Backend/services/core-service/src/main/java/com/bms/backend/controller/TenantAuthController.java
/Users/anoshorpaul/Desktop/BMS App/BMS Backend/services/core-service/src/main/java/com/bms/backend/service/OtpService.java
/Users/anoshorpaul/Desktop/BMS App/BMS Backend/services/core-service/src/main/java/com/bms/backend/dto/request/ApartmentRequest.java
/Users/anoshorpaul/Desktop/BMS App/BMS Backend/services/core-service/src/main/java/com/bms/backend/service/JwtService.java
/Users/anoshorpaul/Desktop/BMS App/BMS Backend/services/core-service/src/main/java/com/bms/backend/service/ApartmentService.java
/Users/anoshorpaul/Desktop/BMS App/BMS Backend/services/core-service/src/main/java/com/bms/backend/controller/MaintenanceController.java
/Users/anoshorpaul/Desktop/BMS App/BMS Backend/services/core-service/src/main/java/com/bms/backend/dto/response/FileUploadResponse.java
/Users/anoshorpaul/Desktop/BMS App/BMS Backend/services/core-service/src/main/java/com/bms/backend/dto/response/MaintenanceRequestResponse.java
/Users/anoshorpaul/Desktop/BMS App/BMS Backend/services/core-service/src/main/java/com/bms/backend/controller/FileController.java
/Users/anoshorpaul/Desktop/BMS App/BMS Backend/services/core-service/src/main/java/com/bms/backend/service/EmailService.java
/Users/anoshorpaul/Desktop/BMS App/BMS Backend/services/core-service/src/main/java/com/bms/backend/entity/OtpVerification.java
/Users/anoshorpaul/Desktop/BMS App/BMS Backend/services/core-service/src/main/java/com/bms/backend/dto/response/MaintenanceDetailsResponse.java
/Users/anoshorpaul/Desktop/BMS App/BMS Backend/services/core-service/src/main/java/com/bms/backend/dto/request/PropertyDetailsRequest.java
/Users/anoshorpaul/Desktop/BMS App/BMS Backend/services/core-service/src/main/java/com/bms/backend/dto/request/FileUploadRequest.java
/Users/anoshorpaul/Desktop/BMS App/BMS Backend/services/core-service/src/main/java/com/bms/backend/security/JwtAuthenticationEntryPoint.java
/Users/anoshorpaul/Desktop/BMS App/BMS Backend/services/core-service/src/main/java/com/bms/backend/dto/request/MaintenanceRequestCreateRequest.java
/Users/anoshorpaul/Desktop/BMS App/BMS Backend/services/core-service/src/main/java/com/bms/backend/repository/MaintenanceUpdateRepository.java
/Users/anoshorpaul/Desktop/BMS App/BMS Backend/services/core-service/src/main/java/com/bms/backend/config/FlexibleDateDeserializer.java
/Users/anoshorpaul/Desktop/BMS App/BMS Backend/services/core-service/src/main/java/com/bms/backend/entity/RefreshToken.java
/Users/anoshorpaul/Desktop/BMS App/BMS Backend/services/core-service/src/main/java/com/bms/backend/dto/request/PropertyBuildingRequest.java
/Users/anoshorpaul/Desktop/BMS App/BMS Backend/services/core-service/src/main/java/com/bms/backend/repository/ApartmentRepository.java
/Users/anoshorpaul/Desktop/BMS App/BMS Backend/services/core-service/src/main/java/com/bms/backend/controller/AuthController.java
/Users/anoshorpaul/Desktop/BMS App/BMS Backend/services/core-service/src/main/java/com/bms/backend/repository/RefreshTokenRepository.java
/Users/anoshorpaul/Desktop/BMS App/BMS Backend/services/core-service/src/main/java/com/bms/backend/config/MultipartConfig.java
/Users/anoshorpaul/Desktop/BMS App/BMS Backend/services/core-service/src/main/java/com/bms/backend/dto/request/OtpVerificationRequest.java
/Users/anoshorpaul/Desktop/BMS App/BMS Backend/services/core-service/src/main/java/com/bms/backend/dto/response/ApiResponse.java
/Users/anoshorpaul/Desktop/BMS App/BMS Backend/services/core-service/src/main/java/com/bms/backend/repository/ManagerProfileRepository.java
/Users/anoshorpaul/Desktop/BMS App/BMS Backend/services/core-service/src/main/java/com/bms/backend/dto/request/MaintenanceRequestUpdateRequest.java
/Users/anoshorpaul/Desktop/BMS App/BMS Backend/services/core-service/src/main/java/com/bms/backend/repository/OtpVerificationRepository.java
/Users/anoshorpaul/Desktop/BMS App/BMS Backend/services/core-service/src/main/java/com/bms/backend/service/SmsService.java
/Users/anoshorpaul/Desktop/BMS App/BMS Backend/services/core-service/src/main/java/com/bms/backend/repository/MaintenanceRequestRepository.java
/Users/anoshorpaul/Desktop/BMS App/BMS Backend/services/core-service/src/main/java/com/bms/backend/controller/ApartmentController.java
/Users/anoshorpaul/Desktop/BMS App/BMS Backend/services/core-service/src/main/java/com/bms/backend/dto/response/LeaseListingDto.java
/Users/anoshorpaul/Desktop/BMS App/BMS Backend/services/core-service/src/main/java/com/bms/backend/repository/PropertyBuildingRepository.java
/Users/anoshorpaul/Desktop/BMS App/BMS Backend/services/core-service/src/main/java/com/bms/backend/repository/PropertyImageRepository.java
/Users/anoshorpaul/Desktop/BMS App/BMS Backend/services/core-service/src/main/java/com/bms/backend/controller/ManagerAuthController.java
/Users/anoshorpaul/Desktop/BMS App/BMS Backend/services/core-service/src/main/java/com/bms/backend/controller/PropertyController.java
/Users/anoshorpaul/Desktop/BMS App/BMS Backend/services/core-service/src/main/java/com/bms/backend/controller/LeaseController.java
/Users/anoshorpaul/Desktop/BMS App/BMS Backend/services/core-service/src/main/java/com/bms/backend/service/PropertyBuildingService.java
/Users/anoshorpaul/Desktop/BMS App/BMS Backend/services/core-service/src/main/java/com/bms/backend/dto/response/TenantConnectionDto.java
/Users/anoshorpaul/Desktop/BMS App/BMS Backend/services/core-service/src/main/java/com/bms/backend/dto/request/MaintenanceStatusUpdateRequest.java
/Users/anoshorpaul/Desktop/BMS App/BMS Backend/services/core-service/src/main/java/com/bms/backend/dto/request/RefreshTokenRequest.java
/Users/anoshorpaul/Desktop/BMS App/BMS Backend/services/core-service/src/main/java/com/bms/backend/enums/DeviceType.java
/Users/anoshorpaul/Desktop/BMS App/BMS Backend/services/core-service/src/main/java/com/bms/backend/config/DataLoader.java
/Users/anoshorpaul/Desktop/BMS App/BMS Backend/services/core-service/src/main/java/com/bms/backend/entity/Apartment.java
/Users/anoshorpaul/Desktop/BMS App/BMS Backend/services/core-service/src/main/java/com/bms/backend/dto/response/ManagerApprovalDto.java
/Users/anoshorpaul/Desktop/BMS App/BMS Backend/services/core-service/src/main/java/com/bms/backend/dto/request/UpdateContactInfoRequest.java
/Users/anoshorpaul/Desktop/BMS App/BMS Backend/services/core-service/src/main/java/com/bms/backend/dto/request/TenantRegistrationRequest.java
/Users/anoshorpaul/Desktop/BMS App/BMS Backend/services/core-service/src/main/java/com/bms/backend/controller/AdminController.java
/Users/anoshorpaul/Desktop/BMS App/BMS Backend/services/core-service/src/main/java/com/bms/backend/config/WebConfig.java
/Users/anoshorpaul/Desktop/BMS App/BMS Backend/services/core-service/src/main/java/com/bms/backend/entity/MaintenanceRequest.java
/Users/anoshorpaul/Desktop/BMS App/BMS Backend/services/core-service/src/main/java/com/bms/backend/controller/HealthController.java
/Users/anoshorpaul/Desktop/BMS App/BMS Backend/services/core-service/src/main/java/com/bms/backend/entity/PropertyImage.java
/Users/anoshorpaul/Desktop/BMS App/BMS Backend/services/core-service/src/main/java/com/bms/backend/repository/MaintenanceRequestPhotoRepository.java
/Users/anoshorpaul/Desktop/BMS App/BMS Backend/services/core-service/src/main/java/com/bms/backend/dto/request/LeaseUpdateRequest.java
/Users/anoshorpaul/Desktop/BMS App/BMS Backend/services/core-service/src/main/java/com/bms/backend/dto/response/LeaseDetailsDto.java
/Users/anoshorpaul/Desktop/BMS App/BMS Backend/services/core-service/src/main/java/com/bms/backend/dto/request/ManagerApprovalRequest.java
/Users/anoshorpaul/Desktop/BMS App/BMS Backend/services/core-service/src/main/java/com/bms/backend/dto/request/SignupRequest.java
/Users/anoshorpaul/Desktop/BMS App/BMS Backend/services/core-service/src/main/java/com/bms/backend/enums/AccountStatus.java
/Users/anoshorpaul/Desktop/BMS App/BMS Backend/services/core-service/src/main/java/com/bms/backend/security/JwtAuthenticationFilter.java
/Users/anoshorpaul/Desktop/BMS App/BMS Backend/services/core-service/src/main/java/com/bms/backend/service/AdminService.java
/Users/anoshorpaul/Desktop/BMS App/BMS Backend/services/core-service/src/main/java/com/bms/backend/controller/TenantDashboardController.java
/Users/anoshorpaul/Desktop/BMS App/BMS Backend/services/core-service/src/main/java/com/bms/backend/entity/TenantProfile.java
/Users/anoshorpaul/Desktop/BMS App/BMS Backend/services/core-service/src/main/java/com/bms/backend/repository/ApartmentDocumentRepository.java
/Users/anoshorpaul/Desktop/BMS App/BMS Backend/services/core-service/src/main/java/com/bms/backend/service/UserService.java
